Microchip MPLAB XC8 Compiler V2.00 ()

Linker command line:

-W-3 --edf=C:\Program Files (x86)\Microchip\xc8\v2.00\pic\dat\en_msgs.txt \
  -cs -h+dist/default/production\paddleboat.X.production.sym \
  --cmf=dist/default/production\paddleboat.X.production.cmf -z -Q18F4550 \
  -oC:\Users\Albert\AppData\Local\Temp\s990.2 --defsym=__MPLAB_BUILD=1 \
  -Mdist/default/production/paddleboat.X.production.map -E1 -ver=XC8 \
  --acfsm=1493 -ASTACK=060h-07ffh -pstack=STACK -ACODE=00h-07FFFh \
  -ACONST=00h-07FFFh -ASMALLCONST=0800h-08FFhx120 \
  -AMEDIUMCONST=0800h-07FFFh -ACOMRAM=01h-05Fh -AABS1=00h-07FFh \
  -ABIGRAM=01h-07FFh -ARAM=060h-0FFh,0100h-01FFhx7 -ABANK0=060h-0FFh \
  -ABANK1=0100h-01FFh -ABANK2=0200h-02FFh -ABANK3=0300h-03FFh \
  -ABANK4=0400h-04FFh -ABANK5=0500h-05FFh -ABANK6=0600h-06FFh \
  -ABANK7=0700h-07FFh -ASFR=0F60h-0FFFh \
  -preset_vec=00h,intcode,intcodelo,powerup,init -pramtop=0800h \
  -psmallconst=SMALLCONST -pmediumconst=MEDIUMCONST -pconst=CONST \
  -AFARRAM=00h-00h -ACONFIG=0300000h-030000Dh -pconfig=CONFIG \
  -AIDLOC=0200000h-0200007h -pidloc=IDLOC -AEEDATA=0F00000h-0F000FFh \
  -peeprom_data=EEDATA \
  -prdata=COMRAM,nvrram=COMRAM,nvbit=COMRAM,rbss=COMRAM,rbit=COMRAM \
  -pfarbss=FARRAM,fardata=FARRAM,nvFARRAM=FARRAM \
  -pintsave_regs=BIGRAM,bigbss=BIGRAM,bigdata=BIGRAM -pbss=RAM \
  -pidata=CODE,irdata=CODE,ibigdata=CODE,ifardata=CODE -prparam=COMRAM \
  C:\Users\Albert\AppData\Local\Temp\s990.o \
  dist/default/production\paddleboat.X.production.o 

Object code version is 3.11

Machine type is 18F4550

Call graph: (short form)




                Name                               Link     Load   Length Selector   Space Scale
C:\Users\Albert\AppData\Local\Temp\s990.o
                init                                  0        0        4        0       0
                idloc                            200000   200000        8   200000       0
                config                           300000   300000        E   300000       0
dist/default/production\paddleboat.X.production.o
                mediumconst                        6F3A     6F3A     10C6     379D       0
                text8                              69EE     69EE       3A     34F7       0
                text7                              6CFE     6CFE       DE     367F       0
                text6                              6C46     6C46       B8     3623       0
                text5                              6BA6     6BA6       A0     35D3       0
                text4                              6A28     6A28       70     3514       0
                text3                              6DDC     6DDC      15E     36EE       0
                text2                              69C2     69C2       2C     34E1       0
                text1                              6B1E     6B1E       88     358F       0
                text0                              6A98     6A98       86     354C       0
                cstackCOMRAM                          1        1       11        1       1
                bssCOMRAM                            12       12        2        1       1
                cinit                              69B4     69B4        E     34DA       0

TOTAL           Name                               Link     Load   Length     Space
        CLASS   STACK          

        CLASS   CODE           
                init                                  0        0        4         0
                text8                              69EE     69EE       3A         0
                text7                              6CFE     6CFE       DE         0
                text6                              6C46     6C46       B8         0
                text5                              6BA6     6BA6       A0         0
                text4                              6A28     6A28       70         0
                text3                              6DDC     6DDC      15E         0
                text2                              69C2     69C2       2C         0
                text1                              6B1E     6B1E       88         0
                text0                              6A98     6A98       86         0
                cinit                              69B4     69B4        E         0

        CLASS   CONST          

        CLASS   SMALLCONST     

        CLASS   MEDIUMCONST    
                mediumconst                        6F3A     6F3A     10C6         0

        CLASS   COMRAM         
                cstackCOMRAM                          1        1       11         1
                bssCOMRAM                            12       12        2         1

        CLASS   ABS1           

        CLASS   BIGRAM         

        CLASS   RAM            

        CLASS   BANK0          

        CLASS   BANK1          

        CLASS   BANK2          

        CLASS   BANK3          

        CLASS   BANK4          

        CLASS   BANK5          

        CLASS   BANK6          

        CLASS   BANK7          

        CLASS   SFR            

        CLASS   FARRAM         

        CLASS   CONFIG         
                config                           300000   300000        E         0

        CLASS   IDLOC          
                idloc                            200000   200000        8         0

        CLASS   EEDATA         



SEGMENTS        Name                           Load    Length   Top    Selector   Space  Class

                reset_vec                      000000  000004  000004         0       0  CODE    
                cstackCOMRAM                   000001  000013  000014         1       1  COMRAM  
                cinit                          0069B4  00000E  0069C2      34DA       0  CODE    
                text2                          0069C2  00002C  0069EE      34E1       0  CODE    
                text8                          0069EE  00003A  006A28      34F7       0  CODE    
                text4                          006A28  000070  006A98      3514       0  CODE    
                text0                          006A98  000086  006B1E      354C       0  CODE    
                text1                          006B1E  000088  006BA6      358F       0  CODE    
                text5                          006BA6  0000A0  006C46      35D3       0  CODE    
                text6                          006C46  0000B8  006CFE      3623       0  CODE    
                text7                          006CFE  0000DE  006DDC      367F       0  CODE    
                text3                          006DDC  00015E  006F3A      36EE       0  CODE    
                mediumconst                    006F3A  0010C6  008000      379D       0  MEDIUMCO
                idloc                          200000  000008  200008    200000       0  IDLOC   
                config                         300000  00000E  30000E    300000       0  CONFIG  


UNUSED ADDRESS RANGES

        Name                Unused          Largest block    Delta
        BANK0            000060-0000FF               A0
        BANK1            000100-0001FF              100
        BANK2            000200-0002FF              100
        BANK3            000300-0003FF              100
        BANK4            000400-0004FF              100
        BANK5            000500-0005FF              100
        BANK6            000600-0006FF              100
        BANK7            000700-0007FF              100
        BIGRAM           000014-0007FF              7EC
        CODE             000004-0069B3             69B0
        COMRAM           000014-00005F               4C
        CONST            000004-0069B3             69B0
        EEDATA           F00000-F000FF              100
        MEDIUMCONST      000800-0069B3             61B4
        RAM              000060-0007FF              100
        SFR              000F60-000FFF               A0
        SMALLCONST       000800-0069B3              100
        STACK            000060-0007FF              7A0

                                  Symbol Table

_ADCON0                     (abs)        000FC2
_ADCON1                     (abs)        000FC1
_Font3x6                    mediumconst  007B3B
_Font8x8                    mediumconst  006F3B
_LATBbits                   (abs)        000F8A
_LATD                       (abs)        000F8C
_PORTAbits                  (abs)        000F80
_PORTB                      (abs)        000F81
_PORTC                      (abs)        000F82
_PORTD                      (abs)        000F83
_PORTE                      (abs)        000F84
_TRISA                      (abs)        000F92
_TRISB                      (abs)        000F93
_TRISC                      (abs)        000F94
_TRISD                      (abs)        000F95
_TRISE                      (abs)        000F96
__CFG_BOR$OFF               (abs)        000000
__CFG_DEBUG$OFF             (abs)        000000
__CFG_FOSC$HS               (abs)        000000
__CFG_LVP$OFF               (abs)        000000
__CFG_PWRT$OFF              (abs)        000000
__CFG_WDT$OFF               (abs)        000000
__HRAM                      (abs)        000000
__Habs1                     abs1         000000
__Hbank0                    bank0        000000
__Hbank1                    bank1        000000
__Hbank2                    bank2        000000
__Hbank3                    bank3        000000
__Hbank4                    bank4        000000
__Hbank5                    bank5        000000
__Hbank6                    bank6        000000
__Hbank7                    bank7        000000
__Hbigbss                   bigbss       000000
__Hbigdata                  bigdata      000000
__Hbigram                   bigram       000000
__Hbss                      bss          000000
__HbssCOMRAM                bssCOMRAM    000000
__Hcinit                    cinit        000000
__Hclrtext                  clrtext      000000
__Hcomram                   comram       000000
__Hconfig                   config       30000E
__Hconst                    const        000000
__HcstackCOMRAM             cstackCOMRAM 000000
__Hdata                     data         000000
__Heeprom_data              eeprom_data  000000
__Hfarbss                   farbss       000000
__Hfardata                  fardata      000000
__Hibigdata                 ibigdata     000000
__Hidata                    idata        000000
__Hidloc                    idloc        200008
__Hifardata                 ifardata     000000
__Hinit                     init         000004
__Hintcode                  intcode      000000
__Hintcode_body             intcode_body 000000
__Hintcodelo                intcodelo    000000
__Hintentry                 intentry     000000
__Hintret                   intret       000000
__Hintsave_regs             intsave_regs 000000
__Hirdata                   irdata       000000
__Hmediumconst              mediumconst  008000
__HnvFARRAM                 nvFARRAM     000000
__Hnvbit                    nvbit        000000
__Hnvrram                   nvrram       000000
__Hparam                    rparam       000000
__Hpowerup                  powerup      000000
__Hram                      ram          000000
__Hramtop                   ramtop       000800
__Hrbit                     rbit         000000
__Hrbss                     rbss         000000
__Hrdata                    rdata        000000
__Hreset_vec                reset_vec    000000
__Hrparam                   rparam       000000
__Hsfr                      sfr          000000
__Hsmallconst               smallconst   000000
__Hspace_0                  (abs)        30000E
__Hspace_1                  (abs)        000014
__Hspace_2                  (abs)        000000
__Hstack                    stack        000000
__Hstruct                   struct       000000
__Htemp                     temp         000000
__Htext                     text         000000
__Htext0                    text0        000000
__Htext1                    text1        000000
__Htext2                    text2        000000
__Htext3                    text3        000000
__Htext4                    text4        000000
__Htext5                    text5        000000
__Htext6                    text6        000000
__Htext7                    text7        000000
__Htext8                    text8        000000
__LRAM                      (abs)        000001
__Labs1                     abs1         000000
__Lbank0                    bank0        000000
__Lbank1                    bank1        000000
__Lbank2                    bank2        000000
__Lbank3                    bank3        000000
__Lbank4                    bank4        000000
__Lbank5                    bank5        000000
__Lbank6                    bank6        000000
__Lbank7                    bank7        000000
__Lbigbss                   bigbss       000000
__Lbigdata                  bigdata      000000
__Lbigram                   bigram       000000
__Lbss                      bss          000000
__LbssCOMRAM                bssCOMRAM    000000
__Lcinit                    cinit        000000
__Lclrtext                  clrtext      000000
__Lcomram                   comram       000000
__Lconfig                   config       300000
__Lconst                    const        000000
__LcstackCOMRAM             cstackCOMRAM 000000
__Ldata                     data         000000
__Leeprom_data              eeprom_data  000000
__Lfarbss                   farbss       000000
__Lfardata                  fardata      000000
__Libigdata                 ibigdata     000000
__Lidata                    idata        000000
__Lidloc                    idloc        200000
__Lifardata                 ifardata     000000
__Linit                     init         000000
__Lintcode                  intcode      000000
__Lintcode_body             intcode_body 000000
__Lintcodelo                intcodelo    000000
__Lintentry                 intentry     000000
__Lintret                   intret       000000
__Lintsave_regs             intsave_regs 000000
__Lirdata                   irdata       000000
__Lmediumconst              mediumconst  006F3A
__LnvFARRAM                 nvFARRAM     000000
__Lnvbit                    nvbit        000000
__Lnvrram                   nvrram       000000
__Lparam                    rparam       000000
__Lpowerup                  powerup      000000
__Lram                      ram          000000
__Lramtop                   ramtop       000800
__Lrbit                     rbit         000000
__Lrbss                     rbss         000000
__Lrdata                    rdata        000000
__Lreset_vec                reset_vec    000000
__Lrparam                   rparam       000000
__Lsfr                      sfr          000000
__Lsmallconst               smallconst   000000
__Lspace_0                  (abs)        000000
__Lspace_1                  (abs)        000000
__Lspace_2                  (abs)        000000
__Lstack                    stack        000000
__Lstruct                   struct       000000
__Ltemp                     temp         000000
__Ltext                     text         000000
__Ltext0                    text0        000000
__Ltext1                    text1        000000
__Ltext2                    text2        000000
__Ltext3                    text3        000000
__Ltext4                    text4        000000
__Ltext5                    text5        000000
__Ltext6                    text6        000000
__Ltext7                    text7        000000
__Ltext8                    text8        000000
__S0                        (abs)        30000E
__S1                        (abs)        000014
__S2                        (abs)        000000
___inthi_sp                 stack        000000
___intlo_sp                 stack        000000
___param_bank               (abs)        000000
___rparam_used              (abs)        000001
___sp                       stack        000000
__accesstop                 (abs)        000060
__activetblptr              (abs)        000002
__end_of_Font3x6            mediumconst  007BFE
__end_of_Font8x8            mediumconst  00773B
__end_of__initialization    cinit        0069B8
__end_of_acceuil            mediumconst  007B3B
__end_of_buffer             mediumconst  007FFE
__end_of_glcd_FillScreen    text6        006CFE
__end_of_glcd_Image         text7        006DDC
__end_of_glcd_Init          text5        006C46
__end_of_glcd_SetCursor     text4        006A98
__end_of_glcd_WriteByte     text8        006A28
__end_of_glcd_WriteChar8X8  text3        006F3A
__end_of_initMyPIC18F       text2        0069EE
__end_of_main               text0        006B1E
__end_of_wait               text1        006BA6
__initialization            cinit        0069B4
__mediumconst               mediumconst  006F3A
__pbssCOMRAM                bssCOMRAM    000012
__pcinit                    cinit        0069B4
__pcstackCOMRAM             cstackCOMRAM 000001
__pmediumconst              mediumconst  006F3A
__ptext0                    text0        006A98
__ptext1                    text1        006B1E
__ptext2                    text2        0069C2
__ptext3                    text3        006DDC
__ptext4                    text4        006A28
__ptext5                    text5        006BA6
__ptext6                    text6        006C46
__ptext7                    text7        006CFE
__ptext8                    text8        0069EE
__ramtop                    ramtop       000800
__size_of_glcd_FillScreen   (abs)        000000
__size_of_glcd_Image        (abs)        000000
__size_of_glcd_Init         (abs)        000000
__size_of_glcd_SetCursor    (abs)        000000
__size_of_glcd_WriteByte    (abs)        000000
__size_of_glcd_WriteChar8X8 (abs)        000000
__size_of_initMyPIC18F      (abs)        000000
__size_of_main              (abs)        000000
__size_of_wait              (abs)        000000
__smallconst                smallconst   000000
_acceuil                    mediumconst  00773B
_buffer                     mediumconst  007BFE
_glcd_FillScreen            text6        006C46
_glcd_Image                 text7        006CFE
_glcd_Init                  text5        006BA6
_glcd_SetCursor             text4        006A28
_glcd_WriteByte             text8        0069EE
_glcd_WriteChar8X8          text3        006DDC
_initMyPIC18F               text2        0069C2
_main                       text0        006A98
_wait                       text1        006B1E
_x                          bssCOMRAM    000013
_y                          bssCOMRAM    000012
end_of_initialization       cinit        0069B8
glcd_FillScreen@color       cstackCOMRAM 000003
glcd_FillScreen@i           cstackCOMRAM 000005
glcd_FillScreen@j           cstackCOMRAM 000004
glcd_Image@bitmap           cstackCOMRAM 000003
glcd_Image@cs               cstackCOMRAM 00000B
glcd_Image@i                cstackCOMRAM 00000A
glcd_Image@j                cstackCOMRAM 000009
glcd_Image@ptr              cstackCOMRAM 000007
glcd_Init@mode              cstackCOMRAM 000006
glcd_SetCursor@side         cstackCOMRAM 000004
glcd_SetCursor@xpos         cstackCOMRAM 000005
glcd_SetCursor@ypos         cstackCOMRAM 000003
glcd_WriteByte@data         cstackCOMRAM 000001
glcd_WriteByte@side         cstackCOMRAM 000002
glcd_WriteChar8X8@ch        cstackCOMRAM 000008
glcd_WriteChar8X8@chr       cstackCOMRAM 000006
glcd_WriteChar8X8@color     cstackCOMRAM 000003
glcd_WriteChar8X8@i         cstackCOMRAM 00000B
glcd_WriteChar8X8@side      cstackCOMRAM 00000A
glcd_WriteChar8X8@xpos      cstackCOMRAM 000009
intlevel0                   text         000000
intlevel1                   text         000000
intlevel2                   text         000000
intlevel3                   text         000000
main@ob                     cstackCOMRAM 00000E
main@x                      cstackCOMRAM 00000C
main@y                      cstackCOMRAM 00000D
stackhi                     (abs)        0007FF
stacklo                     (abs)        000060
start                       init         000000
start_initialization        cinit        0069B4
wait@i                      cstackCOMRAM 000004
wait@j                      cstackCOMRAM 000006
wait@val                    cstackCOMRAM 000001


FUNCTION INFORMATION:

 *************** function _main *****************
 Defined at:
		line 128 in file "main.c"
 Parameters:    Size  Location     Type
		None
 Auto vars:     Size  Location     Type
  ob              4   13[COMRAM] struct object
  y               1   12[COMRAM] unsigned char 
  x               1   11[COMRAM] unsigned char 
  j               1    0        unsigned char 
  i               1    0        unsigned char 
 Return value:  Size  Location     Type
                  1    wreg      void 
 Registers used:
		wreg, status,2, status,0, tblptrl, tblptrh, tblptru, prodl, prodh, cstack
 Tracked objects:
		On entry : 
		On exit  : 
		Unchanged: 
 Data sizes:     COMRAM   BANK0   BANK1   BANK2   BANK3   BANK4   BANK5   BANK6   BANK7
      Params:         0       0       0       0       0       0       0       0       0
      Locals:         6       0       0       0       0       0       0       0       0
      Temps:          0       0       0       0       0       0       0       0       0
      Totals:         6       0       0       0       0       0       0       0       0
Total ram usage:        6 bytes
 Hardware stack levels required when called:    3
 This function calls:
		_glcd_Image
		_glcd_Init
		_glcd_SetCursor
		_glcd_WriteChar8X8
		_initMyPIC18F
		_wait
 This function is called by:
		Startup code after reset
 This function uses a non-reentrant model


 *************** function _wait *****************
 Defined at:
		line 119 in file "main.c"
 Parameters:    Size  Location     Type
  val             2    0[COMRAM] int 
 Auto vars:     Size  Location     Type
  j               2    5[COMRAM] int 
  i               2    3[COMRAM] int 
 Return value:  Size  Location     Type
                  1    wreg      void 
 Registers used:
		wreg, status,2, status,0
 Tracked objects:
		On entry : 
		On exit  : 
		Unchanged: 
 Data sizes:     COMRAM   BANK0   BANK1   BANK2   BANK3   BANK4   BANK5   BANK6   BANK7
      Params:         2       0       0       0       0       0       0       0       0
      Locals:         4       0       0       0       0       0       0       0       0
      Temps:          1       0       0       0       0       0       0       0       0
      Totals:         7       0       0       0       0       0       0       0       0
Total ram usage:        7 bytes
 Hardware stack levels used:    1
 This function calls:
		Nothing
 This function is called by:
		_main
 This function uses a non-reentrant model


 *************** function _initMyPIC18F *****************
 Defined at:
		line 95 in file "main.c"
 Parameters:    Size  Location     Type
		None
 Auto vars:     Size  Location     Type
		None
 Return value:  Size  Location     Type
                  1    wreg      void 
 Registers used:
		wreg, status,2
 Tracked objects:
		On entry : 
		On exit  : 
		Unchanged: 
 Data sizes:     COMRAM   BANK0   BANK1   BANK2   BANK3   BANK4   BANK5   BANK6   BANK7
      Params:         0       0       0       0       0       0       0       0       0
      Locals:         0       0       0       0       0       0       0       0       0
      Temps:          0       0       0       0       0       0       0       0       0
      Totals:         0       0       0       0       0       0       0       0       0
Total ram usage:        0 bytes
 Hardware stack levels used:    1
 This function calls:
		Nothing
 This function is called by:
		_main
 This function uses a non-reentrant model


 *************** function _glcd_WriteChar8X8 *****************
 Defined at:
		line 635 in file "glcd.c"
 Parameters:    Size  Location     Type
  ch              1    wreg     unsigned char 
  color           1    2[COMRAM] unsigned char 
 Auto vars:     Size  Location     Type
  ch              1    7[COMRAM] unsigned char 
  chr             2    5[COMRAM] unsigned int 
  i               1   10[COMRAM] unsigned char 
  side            1    9[COMRAM] unsigned char 
  xpos            1    8[COMRAM] unsigned char 
 Return value:  Size  Location     Type
                  1    wreg      void 
 Registers used:
		wreg, status,2, status,0, tblptrl, tblptrh, tblptru, prodl, prodh, cstack
 Tracked objects:
		On entry : 
		On exit  : 
		Unchanged: 
 Data sizes:     COMRAM   BANK0   BANK1   BANK2   BANK3   BANK4   BANK5   BANK6   BANK7
      Params:         1       0       0       0       0       0       0       0       0
      Locals:         6       0       0       0       0       0       0       0       0
      Temps:          2       0       0       0       0       0       0       0       0
      Totals:         9       0       0       0       0       0       0       0       0
Total ram usage:        9 bytes
 Hardware stack levels used:    1
 Hardware stack levels required when called:    1
 This function calls:
		_glcd_WriteByte
 This function is called by:
		_main
		_glcd_WriteString
 This function uses a non-reentrant model


 *************** function _glcd_SetCursor *****************
 Defined at:
		line 609 in file "glcd.c"
 Parameters:    Size  Location     Type
  xpos            1    wreg     unsigned char 
  ypos            1    2[COMRAM] unsigned char 
 Auto vars:     Size  Location     Type
  xpos            1    4[COMRAM] unsigned char 
  side            1    3[COMRAM] unsigned char 
 Return value:  Size  Location     Type
                  1    wreg      void 
 Registers used:
		wreg, status,2, status,0, cstack
 Tracked objects:
		On entry : 
		On exit  : 
		Unchanged: 
 Data sizes:     COMRAM   BANK0   BANK1   BANK2   BANK3   BANK4   BANK5   BANK6   BANK7
      Params:         1       0       0       0       0       0       0       0       0
      Locals:         2       0       0       0       0       0       0       0       0
      Temps:          0       0       0       0       0       0       0       0       0
      Totals:         3       0       0       0       0       0       0       0       0
Total ram usage:        3 bytes
 Hardware stack levels used:    1
 Hardware stack levels required when called:    1
 This function calls:
		_glcd_WriteByte
 This function is called by:
		_main
 This function uses a non-reentrant model


 *************** function _glcd_Init *****************
 Defined at:
		line 401 in file "glcd.c"
 Parameters:    Size  Location     Type
  mode            1    wreg     unsigned char 
 Auto vars:     Size  Location     Type
  mode            1    5[COMRAM] unsigned char 
 Return value:  Size  Location     Type
                  1    wreg      void 
 Registers used:
		wreg, status,2, status,0, prodl, prodh, cstack
 Tracked objects:
		On entry : 
		On exit  : 
		Unchanged: 
 Data sizes:     COMRAM   BANK0   BANK1   BANK2   BANK3   BANK4   BANK5   BANK6   BANK7
      Params:         0       0       0       0       0       0       0       0       0
      Locals:         1       0       0       0       0       0       0       0       0
      Temps:          0       0       0       0       0       0       0       0       0
      Totals:         1       0       0       0       0       0       0       0       0
Total ram usage:        1 bytes
 Hardware stack levels used:    1
 Hardware stack levels required when called:    2
 This function calls:
		_glcd_FillScreen
		_glcd_WriteByte
 This function is called by:
		_main
 This function uses a non-reentrant model


 *************** function _glcd_FillScreen *****************
 Defined at:
		line 475 in file "glcd.c"
 Parameters:    Size  Location     Type
  color           1    wreg     unsigned char 
 Auto vars:     Size  Location     Type
  color           1    2[COMRAM] unsigned char 
  i               1    4[COMRAM] unsigned char 
  j               1    3[COMRAM] unsigned char 
 Return value:  Size  Location     Type
                  1    wreg      void 
 Registers used:
		wreg, status,2, status,0, prodl, prodh, cstack
 Tracked objects:
		On entry : 
		On exit  : 
		Unchanged: 
 Data sizes:     COMRAM   BANK0   BANK1   BANK2   BANK3   BANK4   BANK5   BANK6   BANK7
      Params:         0       0       0       0       0       0       0       0       0
      Locals:         3       0       0       0       0       0       0       0       0
      Temps:          0       0       0       0       0       0       0       0       0
      Totals:         3       0       0       0       0       0       0       0       0
Total ram usage:        3 bytes
 Hardware stack levels used:    1
 Hardware stack levels required when called:    1
 This function calls:
		_glcd_WriteByte
 This function is called by:
		_glcd_Init
 This function uses a non-reentrant model


 *************** function _glcd_Image *****************
 Defined at:
		line 499 in file "glcd.c"
 Parameters:    Size  Location     Type
  bitmap          2    2[COMRAM] PTR unsigned char 
		 -> buffer(1024), 
 Auto vars:     Size  Location     Type
  ptr             2    6[COMRAM] int 
  cs              1   10[COMRAM] unsigned char 
  i               1    9[COMRAM] unsigned char 
  j               1    8[COMRAM] unsigned char 
 Return value:  Size  Location     Type
                  1    wreg      void 
 Registers used:
		wreg, status,2, status,0, tblptrl, tblptrh, tblptru, cstack
 Tracked objects:
		On entry : 
		On exit  : 
		Unchanged: 
 Data sizes:     COMRAM   BANK0   BANK1   BANK2   BANK3   BANK4   BANK5   BANK6   BANK7
      Params:         2       0       0       0       0       0       0       0       0
      Locals:         5       0       0       0       0       0       0       0       0
      Temps:          2       0       0       0       0       0       0       0       0
      Totals:         9       0       0       0       0       0       0       0       0
Total ram usage:        9 bytes
 Hardware stack levels used:    1
 Hardware stack levels required when called:    1
 This function calls:
		_glcd_WriteByte
 This function is called by:
		_main
 This function uses a non-reentrant model


 *************** function _glcd_WriteByte *****************
 Defined at:
		line 441 in file "glcd.c"
 Parameters:    Size  Location     Type
  side            1    wreg     unsigned char 
  data            1    0[COMRAM] unsigned char 
 Auto vars:     Size  Location     Type
  side            1    1[COMRAM] unsigned char 
 Return value:  Size  Location     Type
                  1    wreg      void 
 Registers used:
		wreg, status,2
 Tracked objects:
		On entry : 
		On exit  : 
		Unchanged: 
 Data sizes:     COMRAM   BANK0   BANK1   BANK2   BANK3   BANK4   BANK5   BANK6   BANK7
      Params:         1       0       0       0       0       0       0       0       0
      Locals:         1       0       0       0       0       0       0       0       0
      Temps:          0       0       0       0       0       0       0       0       0
      Totals:         2       0       0       0       0       0       0       0       0
Total ram usage:        2 bytes
 Hardware stack levels used:    1
 This function calls:
		Nothing
 This function is called by:
		_glcd_Init
		_glcd_FillScreen
		_glcd_Image
		_glcd_SetCursor
		_glcd_WriteChar8X8
		_glcd_PlotPixel
		_glcd_WriteChar3x6
 This function uses a non-reentrant model



MODULE INFORMATION

Module		Function		Class		Link	Load	Size
shared
		_Font3x6       		MEDIUMCONST    	7B3B	0000	196
		_Font8x8       		MEDIUMCONST    	6F3B	0000	2049
		_buffer        		MEDIUMCONST    	7BFE	0000	1025
		__initialization		CODE           	69B4	0000	5
		_acceuil       		MEDIUMCONST    	773B	0000	1025

shared estimated size: 4300

glcd.c
		_glcd_SetCursor		CODE           	6A28	0000	113
		_glcd_WriteByte		CODE           	69EE	0000	59
		_glcd_Init     		CODE           	6BA6	0000	161
		_glcd_WriteChar8X8		CODE           	6DDC	0000	351
		_glcd_FillScreen		CODE           	6C46	0000	185
		_glcd_Image    		CODE           	6CFE	0000	223

glcd.c estimated size: 1092

main.c
		_main          		CODE           	6A98	0000	135
		_wait          		CODE           	6B1E	0000	137
		_initMyPIC18F  		CODE           	69C2	0000	45

main.c estimated size: 317

